2026-09-19 21:33:18,816 INFO turnitout: TurnitOut listening on http://127.0.0.1:8333
2026-09-19 21:33:21,882 INFO turnitout: GET /api/health -> 200
2026-09-19 21:33:28,888 INFO turnitout: GET /api/me -> 200
2026-09-19 21:33:28,914 INFO turnitout: GET /api/classes -> 200
2026-09-19 21:33:28,928 INFO turnitout: GET /api/classes -> 200
----------------------------------------
Exception occurred during processing of request from ('127.0.0.1', 49355)
Traceback (most recent call last):
  File "C:\Users\Administrator\AppData\Local\Programs\Python\Python314\Lib\socketserver.py", line 697, in process_request_thread
    self.finish_request(request, client_address)
    ~~~~~~~~~~~~~~~~~~~^^^^^^^^^^^^^^^^^^^^^^^^^
  File "C:\Users\Administrator\AppData\Local\Programs\Python\Python314\Lib\socketserver.py", line 362, in finish_request
    self.RequestHandlerClass(request, client_address, self)
    ~~~~~~~~~~~~~~~~~~~~~~~~^^^^^^^^^^^^^^^^^^^^^^^^^^^^^^^
  File "C:\Users\Administrator\AppData\Local\Programs\Python\Python314\Lib\socketserver.py", line 766, in __init__
    self.handle()
    ~~~~~~~~~~~^^
  File "C:\Users\Administrator\AppData\Local\Programs\Python\Python314\Lib\http\server.py", line 498, in handle
    self.handle_one_request()
    ~~~~~~~~~~~~~~~~~~~~~~~^^
  File "C:\Users\Administrator\AppData\Local\Programs\Python\Python314\Lib\http\server.py", line 464, in handle_one_request
    self.raw_requestline = self.rfile.readline(65537)
                           ~~~~~~~~~~~~~~~~~~~^^^^^^^
  File "C:\Users\Administrator\AppData\Local\Programs\Python\Python314\Lib\socket.py", line 725, in readinto
    return self._sock.recv_into(b)
           ~~~~~~~~~~~~~~~~~~~~^^^
ConnectionResetError: [WinError 10054] An existing connection was forcibly closed by the remote host
----------------------------------------
